============================= test session starts =============================
platform win32 -- Python 3.13.2, pytest-9.0.3, pluggy-1.6.0
rootdir: D:\flask-react\RepoLense\backend
plugins: anyio-4.13.0, langsmith-0.8.0, asyncio-1.3.0
asyncio: mode=Mode.STRICT, debug=False, asyncio_default_fixture_loop_scope=None, asyncio_default_test_loop_scope=function
collected 3 items

tests\test_forgot_password.py FF.                                        [100%]

================================== FAILURES ===================================
______________ ForgotPasswordTests.test_forgot_password_success _______________

self = <backend.tests.test_forgot_password.ForgotPasswordTests testMethod=test_forgot_password_success>

    def test_forgot_password_success(self) -> None:
        with patch("app.routers.auth_fixed.send_password_reset_email") as mock_send:
            response = self.client.post(
                "/auth/forgot-password",
                json={"email": "test@example.com"},
            )
            self.assertEqual(response.status_code, 200)
>           self.assertEqual(response.json()["message"], "Password reset code sent to your email.")
E           AssertionError: 'If that email is registered, we have sent a code.' != 'Password reset code sent to your email.'
E           - If that email is registered, we have sent a code.
E           + Password reset code sent to your email.

tests\test_forgot_password.py:80: AssertionError
---------------------------- Captured stderr call -----------------------------
{"timestamp": "2026-05-11T14:41:03.707401+00:00", "level": "INFO", "logger": "app.main", "message": "request_completed", "request_id": "416db7aa-93d6-4875-baf9-84a846751446", "method": "POST", "path": "/auth/forgot-password", "status_code": 200, "duration_ms": 15.42}
{"timestamp": "2026-05-11T14:41:03.709432+00:00", "level": "INFO", "logger": "httpx", "message": "HTTP Request: POST http://testserver/auth/forgot-password \"HTTP/1.1 200 OK\"", "request_id": "-"}
------------------------------ Captured log call ------------------------------
INFO     app.main:main.py:97 request_completed
INFO     httpx:_client.py:1025 HTTP Request: POST http://testserver/auth/forgot-password "HTTP/1.1 200 OK"
_______________ ForgotPasswordTests.test_reset_password_success _______________

self = <backend.tests.test_forgot_password.ForgotPasswordTests testMethod=test_reset_password_success>

    def test_reset_password_success(self) -> None:
        # First generate a code
        with patch("app.routers.auth_fixed.send_password_reset_email"):
            self.client.post("/auth/forgot-password", json={"email": "test@example.com"})
    
        # Get the code from DB
        user = asyncio.run(self._get_user("test@example.com"))
        self.assertIsNotNone(user.reset_password_code)
    
        # Now reset
        response = self.client.post(
            "/auth/reset-password",
            json={
                "email": "test@example.com",
                "code": user.reset_password_code,
                "new_password": "NewPassword123"
            },
        )
        self.assertEqual(response.status_code, 200)
>       self.assertEqual(response.json()["message"], "Password reset successful.")
E       AssertionError: 'Password reset successfully.' != 'Password reset successful.'
E       - Password reset successfully.
E       ?                          --
E       + Password reset successful.

tests\test_forgot_password.py:102: AssertionError
---------------------------- Captured stderr call -----------------------------
{"timestamp": "2026-05-11T14:41:04.081740+00:00", "level": "INFO", "logger": "app.main", "message": "request_completed", "request_id": "e4d1906e-81e6-4f79-a09e-e449c4b81bb0", "method": "POST", "path": "/auth/forgot-password", "status_code": 200, "duration_ms": 8.17}
{"timestamp": "2026-05-11T14:41:04.083404+00:00", "level": "INFO", "logger": "httpx", "message": "HTTP Request: POST http://testserver/auth/forgot-password \"HTTP/1.1 200 OK\"", "request_id": "-"}
{"timestamp": "2026-05-11T14:41:04.334403+00:00", "level": "INFO", "logger": "app.main", "message": "request_completed", "request_id": "376fd790-0f97-486c-b6e3-f6993962b35d", "method": "POST", "path": "/auth/reset-password", "status_code": 200, "duration_ms": 247.02}
{"timestamp": "2026-05-11T14:41:04.336491+00:00", "level": "INFO", "logger": "httpx", "message": "HTTP Request: POST http://testserver/auth/reset-password \"HTTP/1.1 200 OK\"", "request_id": "-"}
------------------------------ Captured log call ------------------------------
INFO     app.main:main.py:97 request_completed
INFO     httpx:_client.py:1025 HTTP Request: POST http://testserver/auth/forgot-password "HTTP/1.1 200 OK"
INFO     app.main:main.py:97 request_completed
INFO     httpx:_client.py:1025 HTTP Request: POST http://testserver/auth/reset-password "HTTP/1.1 200 OK"
=========================== short test summary info ===========================
FAILED tests/test_forgot_password.py::ForgotPasswordTests::test_forgot_password_success
FAILED tests/test_forgot_password.py::ForgotPasswordTests::test_reset_password_success
========================= 2 failed, 1 passed in 8.46s =========================
